INFO    : PreTeXt project found in `D:\Documents\texts\geometries_ibl`.
WARNING : Using CLI version 1.5.2.dev20230328 but project's `requirements.txt`
WARNING : is configured to use 1.4.0. Consider either installing
WARNING : CLI version 1.4.0 or changing `requirements.txt` to match 1.5.2.dev20230328.
WARNING : Generating only interactive assets.
INFO    : Now generating preview images for interactives


INFO    : using playwright package to create previews for interactives from D:\Documents\texts\geometries_ibl\source\geometries_ibl.ptx for placement in D:/Documents/texts/geometries_ibl/generated-assets/preview
INFO    : XSL conversion of D:\Documents\texts\geometries_ibl\source\geometries_ibl.ptx by C:\Users\drmaf\.ptx\xsl\extract-interactive.xsl
INFO    : comprehensive messages, warnings, and errors:
INFO    : successful application of C:\Users\drmaf\.ptx\xsl\extract-interactive.xsl
INFO    : discovering source file's directory name: D:\Documents\texts\geometries_ibl\source
INFO    : verifying and expanding input directory: D:\Documents\texts\geometries_ibl\source\../generated-assets
INFO    : input directory expanded to absolute path: D:\Documents\texts\geometries_ibl\generated-assets
INFO    : verifying and expanding input directory: D:\Documents\texts\geometries_ibl\source\../assets
INFO    : input directory expanded to absolute path: D:\Documents\texts\geometries_ibl\assets
INFO    : Opening subprocess http.server with port=8888
INFO    : Closing http.server subprocess
INFO    : Now generating QR codes for videos and/or interactives


INFO    : manufacturing QR codes from D:\Documents\texts\geometries_ibl\source\geometries_ibl.ptx for placement in D:/Documents/texts/geometries_ibl/generated-assets/qrcode
INFO    : XSL conversion of D:\Documents\texts\geometries_ibl\source\geometries_ibl.ptx by C:\Users\drmaf\.ptx\xsl\extract-qrcode.xsl
INFO    : comprehensive messages, warnings, and errors:
INFO    : successful application of C:\Users\drmaf\.ptx\xsl\extract-qrcode.xsl
INFO    : creating URL with content "http://www.math.uaa.alaska.edu/\~afmaf/classes/math306/problemset/interactive-1.html" as D:/Documents/texts/geometries_ibl/generated-assets/qrcode\interactive-1.png...
INFO    : creating URL with content "http://www.math.uaa.alaska.edu/\~afmaf/classes/math306/problemset/interactive-2.html" as D:/Documents/texts/geometries_ibl/generated-assets/qrcode\interactive-2.png...
INFO    : creating URL with content "http://www.math.uaa.alaska.edu/\~afmaf/classes/math306/problemset/interactive-3.html" as D:/Documents/texts/geometries_ibl/generated-assets/qrcode\interactive-3.png...
INFO    : creating URL with content "http://www.math.uaa.alaska.edu/\~afmaf/classes/math306/problemset/interactive-4.html" as D:/Documents/texts/geometries_ibl/generated-assets/qrcode\interactive-4.png...
INFO    : QR code creation complete
INFO    : Removing temporary directory C:\Users\drmaf\AppData\Local\Temp\tmpvadkvpm0
INFO    : Removing temporary directory C:\Users\drmaf\AppData\Local\Temp\tmpon31s_p9
INFO    : Preparing to build into D:\Documents\texts\geometries_ibl\output\print.
INFO    : 
Now building LaTeX into D:\Documents\texts\geometries_ibl\output\print

INFO    : discovering source file's directory name: D:\Documents\texts\geometries_ibl\source
INFO    : verifying and expanding input directory: D:\Documents\texts\geometries_ibl\source\../generated-assets
INFO    : input directory expanded to absolute path: D:\Documents\texts\geometries_ibl\generated-assets
INFO    : verifying and expanding input directory: D:\Documents\texts\geometries_ibl\source\../assets
INFO    : input directory expanded to absolute path: D:\Documents\texts\geometries_ibl\assets
INFO    : converting D:\Documents\texts\geometries_ibl\source\geometries_ibl.ptx to LaTeX as C:\Users\drmaf\AppData\Local\Temp\tmp3el4lvfm\geometries_ibl.tex
INFO    : XSL conversion of D:\Documents\texts\geometries_ibl\source\geometries_ibl.ptx by C:\Users\drmaf\.ptx\xsl\pretext-latex.xsl
INFO    : comprehensive messages, warnings, and errors:
INFO    : successful application of C:\Users\drmaf\.ptx\xsl\pretext-latex.xsl
INFO    : Removing temporary directory C:\Users\drmaf\AppData\Local\Temp\tmp3el4lvfm
INFO    : 
Success! Run `pretext view print` to see the results.

